// Jest Snapshot v1, https://goo.gl/fbAQLP

exports[`Rockets Component test Renders Mission Row 1`] = `
<div
  className="cards-container"
/>
`;
